#
# There is insufficient memory for the Java Runtime Environment to continue.
# Native memory allocation (malloc) failed to allocate 1804192 bytes for Chunk::new
# Possible reasons:
#   The system is out of physical RAM or swap space
#   The process is running with CompressedOops enabled, and the Java Heap may be blocking the growth of the native heap
# Possible solutions:
#   Reduce memory load on the system
#   Increase physical memory or swap space
#   Check if swap backing store is full
#   Decrease Java heap size (-Xmx/-Xms)
#   Decrease number of Java threads
#   Decrease Java thread stack sizes (-Xss)
#   Set larger code cache with -XX:ReservedCodeCacheSize=
#   JVM is running with Zero Based Compressed Oops mode in which the Java heap is
#     placed in the first 32GB address space. The Java Heap base address is the
#     maximum limit for the native heap growth. Please use -XX:HeapBaseMinAddress
#     to set the Java Heap base and to place the Java Heap above 32GB virtual address.
# This output file may be truncated or incomplete.
#
#  Out of Memory Error (arena.cpp:189), pid=30068, tid=36180
#
# JRE version: OpenJDK Runtime Environment (17.0.2+8) (build 17.0.2+8-86)
# Java VM: OpenJDK 64-Bit Server VM (17.0.2+8-86, mixed mode, sharing, tiered, compressed oops, compressed class ptrs, g1 gc, windows-amd64)
# No core dump will be written. Minidumps are not enabled by default on client versions of Windows
#

---------------  S U M M A R Y ------------

Command Line: -Dcom.android.sdklib.toolsdir=E:\devkit\android\cmdline-tools\latest\bin\\.. com.android.sdklib.tool.sdkmanager.SdkManagerCli --sdk_root=E:/devkit/android --install ndk;28.2.13676358

Host: Intel(R) Xeon(R) CPU E5-2666 v3 @ 2.90GHz, 20 cores, 31G,  Windows 11 , 64 bit Build 26100 (10.0.26100.9168)
Time: Tue Aug 18 23:45:42 2026  Windows 11 , 64 bit Build 26100 (10.0.26100.9168) elapsed time: 17.403878 seconds (0d 0h 0m 17s)

---------------  T H R E A D  ---------------

Current thread (0x000001fbb68211b0):  JavaThread "C2 CompilerThread1" daemon [_thread_in_native, id=36180, stack(0x0000009531f00000,0x0000009532000000)]


Current CompileTask:
C2:  17404 2832       4       sun.security.util.AbstractAlgorithmConstraints::checkAlgorithm (87 bytes)

Stack: [0x0000009531f00000,0x0000009532000000]
Native frames: (J=compiled Java code, j=interpreted, Vv=VM code, C=native code)
V  [jvm.dll+0x670baa]
V  [jvm.dll+0x7cfcb4]
V  [jvm.dll+0x7d145e]
V  [jvm.dll+0x7d1ac3]
V  [jvm.dll+0x242bc5]
V  [jvm.dll+0xaa57b]
V  [jvm.dll+0xaab0c]
V  [jvm.dll+0x35fd07]
V  [jvm.dll+0x32a331]
V  [jvm.dll+0x3297da]
V  [jvm.dll+0x215c91]
V  [jvm.dll+0x2150b1]
V  [jvm.dll+0x1a1bbd]
V  [jvm.dll+0x224908]
V  [jvm.dll+0x222a6c]
V  [jvm.dll+0x7859bb]
V  [jvm.dll+0x77ff7a]
V  [jvm.dll+0x66fa35]
C  [ucrtbase.dll+0x2cd30]
C  [KERNEL32.DLL+0x2ccb7]
C  [ntdll.dll+0xaad6c]


---------------  P R O C E S S  ---------------

Threads class SMR info:
_java_thread_list=0x000001fbba2da480, length=41, elements={
0x000001fb89287e50, 0x000001fbb37658b0, 0x000001fbb3766370, 0x000001fbb6805f60,
0x000001fbb6808830, 0x000001fbb6809890, 0x000001fbb680a150, 0x000001fbb6816860,
0x000001fbb6822b00, 0x000001fbb6826d80, 0x000001fbb69bb120, 0x000001fbb69c07c0,
0x000001fbb75227f0, 0x000001fbb8b03490, 0x000001fbb8b04a90, 0x000001fbb8b05770,
0x000001fbb86a1700, 0x000001fbb86a3be0, 0x000001fbb7cdccc0, 0x000001fbb7b29020,
0x000001fbb7b2ad00, 0x000001fbb7b2c9e0, 0x000001fbb7b2bb70, 0x000001fbb7b2b1d0,
0x000001fbb7b2b6a0, 0x000001fbb7b294f0, 0x000001fbb7b2c040, 0x000001fbb7b2a360,
0x000001fbb7b2c510, 0x000001fbb7b2a830, 0x000001fbb78ae080, 0x000001fbb78ad210,
0x000001fbb68211b0, 0x000001fbb68225f0, 0x000001fbb6820280, 0x000001fbb68216c0,
0x000001fbb6821bd0, 0x000001fbb9ac5200, 0x000001fbb9ac5c20, 0x000001fbb9ac42d0,
0x000001fbb9ac2e90
}

Java Threads: ( => current thread )
  0x000001fb89287e50 JavaThread "main" [_thread_blocked, id=30844, stack(0x000000952e700000,0x000000952e800000)]
  0x000001fbb37658b0 JavaThread "Reference Handler" daemon [_thread_blocked, id=39400, stack(0x000000952ee00000,0x000000952ef00000)]
  0x000001fbb3766370 JavaThread "Finalizer" daemon [_thread_blocked, id=35688, stack(0x000000952ef00000,0x000000952f000000)]
  0x000001fbb6805f60 JavaThread "Signal Dispatcher" daemon [_thread_blocked, id=25676, stack(0x000000952f000000,0x000000952f100000)]
  0x000001fbb6808830 JavaThread "Attach Listener" daemon [_thread_blocked, id=30604, stack(0x000000952f100000,0x000000952f200000)]
  0x000001fbb6809890 JavaThread "Service Thread" daemon [_thread_blocked, id=33788, stack(0x000000952f200000,0x000000952f300000)]
  0x000001fbb680a150 JavaThread "Monitor Deflation Thread" daemon [_thread_blocked, id=26916, stack(0x000000952f300000,0x000000952f400000)]
  0x000001fbb6816860 JavaThread "C2 CompilerThread0" daemon [_thread_blocked, id=27660, stack(0x000000952f400000,0x000000952f500000)]
  0x000001fbb6822b00 JavaThread "C1 CompilerThread0" daemon [_thread_blocked, id=42648, stack(0x000000952f500000,0x000000952f600000)]
  0x000001fbb6826d80 JavaThread "Sweeper thread" daemon [_thread_blocked, id=28280, stack(0x000000952f600000,0x000000952f700000)]
  0x000001fbb69bb120 JavaThread "Notification Thread" daemon [_thread_blocked, id=32796, stack(0x000000952f800000,0x000000952f900000)]
  0x000001fbb69c07c0 JavaThread "Common-Cleaner" daemon [_thread_blocked, id=13540, stack(0x000000952fa00000,0x000000952fb00000)]
  0x000001fbb75227f0 JavaThread "Keep-Alive-Timer" daemon [_thread_blocked, id=41876, stack(0x000000952fc00000,0x000000952fd00000)]
  0x000001fbb8b03490 JavaThread "pool-1-thread-1" [_thread_in_native, id=18836, stack(0x000000952fd00000,0x000000952fe00000)]
  0x000001fbb8b04a90 JavaThread "pool-1-thread-2" [_thread_in_native, id=43704, stack(0x000000952fe00000,0x000000952ff00000)]
  0x000001fbb8b05770 JavaThread "pool-1-thread-3" [_thread_in_native, id=32424, stack(0x0000009530a00000,0x0000009530b00000)]
  0x000001fbb86a1700 JavaThread "pool-1-thread-4" [_thread_in_native, id=41588, stack(0x0000009530b00000,0x0000009530c00000)]
  0x000001fbb86a3be0 JavaThread "pool-1-thread-5" [_thread_in_native, id=38428, stack(0x0000009530c00000,0x0000009530d00000)]
  0x000001fbb7cdccc0 JavaThread "pool-1-thread-6" [_thread_in_native, id=36508, stack(0x0000009530d00000,0x0000009530e00000)]
  0x000001fbb7b29020 JavaThread "pool-1-thread-8" [_thread_in_native, id=16124, stack(0x0000009530f00000,0x0000009531000000)]
  0x000001fbb7b2ad00 JavaThread "pool-1-thread-9" [_thread_in_native, id=15120, stack(0x0000009531000000,0x0000009531100000)]
  0x000001fbb7b2c9e0 JavaThread "pool-1-thread-10" [_thread_in_native, id=15980, stack(0x0000009531100000,0x0000009531200000)]
  0x000001fbb7b2bb70 JavaThread "pool-1-thread-11" [_thread_in_native, id=6172, stack(0x0000009531200000,0x0000009531300000)]
  0x000001fbb7b2b1d0 JavaThread "pool-1-thread-12" [_thread_in_native, id=33496, stack(0x0000009531300000,0x0000009531400000)]
  0x000001fbb7b2b6a0 JavaThread "pool-1-thread-13" [_thread_in_native, id=29856, stack(0x0000009531400000,0x0000009531500000)]
  0x000001fbb7b294f0 JavaThread "pool-1-thread-14" [_thread_in_native, id=13548, stack(0x0000009531800000,0x0000009531900000)]
  0x000001fbb7b2c040 JavaThread "pool-1-thread-15" [_thread_in_native, id=40316, stack(0x0000009531900000,0x0000009531a00000)]
  0x000001fbb7b2a360 JavaThread "pool-1-thread-16" [_thread_in_native, id=20828, stack(0x0000009531a00000,0x0000009531b00000)]
  0x000001fbb7b2c510 JavaThread "pool-1-thread-17" [_thread_in_native, id=22760, stack(0x0000009531b00000,0x0000009531c00000)]
  0x000001fbb7b2a830 JavaThread "pool-1-thread-18" [_thread_in_native, id=25808, stack(0x0000009531c00000,0x0000009531d00000)]
  0x000001fbb78ae080 JavaThread "pool-1-thread-19" [_thread_in_native, id=42600, stack(0x0000009531d00000,0x0000009531e00000)]
  0x000001fbb78ad210 JavaThread "pool-1-thread-20" [_thread_in_native, id=16636, stack(0x0000009531e00000,0x0000009531f00000)]
=>0x000001fbb68211b0 JavaThread "C2 CompilerThread1" daemon [_thread_in_native, id=36180, stack(0x0000009531f00000,0x0000009532000000)]
  0x000001fbb68225f0 JavaThread "C2 CompilerThread2" daemon [_thread_in_native, id=32964, stack(0x0000009532000000,0x0000009532100000)]
  0x000001fbb6820280 JavaThread "C2 CompilerThread3" daemon [_thread_blocked, id=18416, stack(0x0000009532100000,0x0000009532200000)]
  0x000001fbb68216c0 JavaThread "C2 CompilerThread4" daemon [_thread_blocked, id=27724, stack(0x0000009532200000,0x0000009532300000)]
  0x000001fbb6821bd0 JavaThread "C2 CompilerThread5" daemon [_thread_blocked, id=26016, stack(0x0000009532300000,0x0000009532400000)]
  0x000001fbb9ac5200 JavaThread "C2 CompilerThread6" daemon [_thread_blocked, id=25288, stack(0x0000009532400000,0x0000009532500000)]
  0x000001fbb9ac5c20 JavaThread "C2 CompilerThread7" daemon [_thread_blocked, id=6164, stack(0x0000009532500000,0x0000009532600000)]
  0x000001fbb9ac42d0 JavaThread "C1 CompilerThread1" daemon [_thread_blocked, id=38660, stack(0x000000952f700000,0x000000952f800000)]
  0x000001fbb9ac2e90 JavaThread "C1 CompilerThread2" daemon [_thread_blocked, id=36648, stack(0x000000952fb00000,0x000000952fc00000)]

Other Threads:
  0x000001fbb375cd40 VMThread "VM Thread" [stack: 0x000000952ed00000,0x000000952ee00000] [id=18428]
  0x000001fbb35b4110 WatcherThread [stack: 0x000000952f900000,0x000000952fa00000] [id=16136]
  0x000001fb892feb10 GCTaskThread "GC Thread#0" [stack: 0x000000952e800000,0x000000952e900000] [id=42208]
  0x000001fbb7fca4e0 GCTaskThread "GC Thread#1" [stack: 0x000000952ff00000,0x0000009530000000] [id=5012]
  0x000001fbb7fbbf30 GCTaskThread "GC Thread#2" [stack: 0x0000009530000000,0x0000009530100000] [id=30812]
  0x000001fbb7fdcd50 GCTaskThread "GC Thread#3" [stack: 0x0000009530100000,0x0000009530200000] [id=41940]
  0x000001fbb7fdd000 GCTaskThread "GC Thread#4" [stack: 0x0000009530200000,0x0000009530300000] [id=14648]
  0x000001fbb7fdd2b0 GCTaskThread "GC Thread#5" [stack: 0x0000009530300000,0x0000009530400000] [id=27520]
  0x000001fbb7fdd560 GCTaskThread "GC Thread#6" [stack: 0x0000009530400000,0x0000009530500000] [id=11276]
  0x000001fbb7fdd810 GCTaskThread "GC Thread#7" [stack: 0x0000009530500000,0x0000009530600000] [id=32832]
  0x000001fbb7fddac0 GCTaskThread "GC Thread#8" [stack: 0x0000009530600000,0x0000009530700000] [id=13644]
  0x000001fbb7fddd70 GCTaskThread "GC Thread#9" [stack: 0x0000009530700000,0x0000009530800000] [id=30392]
  0x000001fbb7fde020 GCTaskThread "GC Thread#10" [stack: 0x0000009530800000,0x0000009530900000] [id=8332]
  0x000001fbb7fde2d0 GCTaskThread "GC Thread#11" [stack: 0x0000009530900000,0x0000009530a00000] [id=4736]
  0x000001fbb8140b20 GCTaskThread "GC Thread#12" [stack: 0x0000009531500000,0x0000009531600000] [id=8220]
  0x000001fbb8141890 GCTaskThread "GC Thread#13" [stack: 0x0000009531600000,0x0000009531700000] [id=6224]
  0x000001fbb8141080 GCTaskThread "GC Thread#14" [stack: 0x0000009531700000,0x0000009531800000] [id=36672]
  0x000001fbb3597c40 ConcurrentGCThread "G1 Main Marker" [stack: 0x000000952e900000,0x000000952ea00000] [id=18164]
  0x000001fbb35991c0 ConcurrentGCThread "G1 Conc#0" [stack: 0x000000952ea00000,0x000000952eb00000] [id=25680]
  0x000001fbb3691610 ConcurrentGCThread "G1 Refine#0" [stack: 0x000000952eb00000,0x000000952ec00000] [id=34652]
  0x000001fbb3691ed0 ConcurrentGCThread "G1 Service" [stack: 0x000000952ec00000,0x000000952ed00000] [id=33400]

Threads with active compile tasks:
C2 CompilerThread1    18498 2832       4       sun.security.util.AbstractAlgorithmConstraints::checkAlgorithm (87 bytes)
C2 CompilerThread2    18498 2917       4       sun.security.util.AlgorithmDecomposer::decompose (336 bytes)

VM state: not at safepoint (normal execution)

VM Mutex/Monitor currently owned by a thread: None

Heap address: 0x0000000601400000, size: 8172 MB, Compressed Oops mode: Zero based, Oop shift amount: 3

CDS archive(s) mapped at: [0x0000000800000000-0x0000000800bc0000-0x0000000800bc0000), size 12320768, SharedBaseAddress: 0x0000000800000000, ArchiveRelocationMode: 0.
Compressed class space mapped at: 0x0000000800c00000-0x0000000840c00000, reserved size: 1073741824
Narrow klass base: 0x0000000800000000, Narrow klass shift: 0, Narrow klass range: 0x100000000

GC Precious Log:
 CPUs: 20 total, 20 available
 Memory: 32684M
 Large Page Support: Disabled
 NUMA Support: Disabled
 Compressed Oops: Enabled (Zero based)
 Heap Region Size: 4M
 Heap Min Capacity: 8M
 Heap Initial Capacity: 512M
 Heap Max Capacity: 8172M
 Pre-touch: Disabled
 Parallel Workers: 15
 Concurrent Workers: 4
 Concurrent Refinement Workers: 15
 Periodic GC: Disabled

Heap:
 garbage-first heap   total 524288K, used 28604K [0x0000000601400000, 0x0000000800000000)
  region size 4096K, 8 young (32768K), 1 survivors (4096K)
 Metaspace       used 19171K, committed 19392K, reserved 1073152K
  class space    used 2074K, committed 2176K, reserved 1048576K

Heap Regions: E=young(eden), S=young(survivor), O=old, HS=humongous(starts), HC=humongous(continues), CS=collection set, F=free, OA=open archive, CA=closed archive, TAMS=top-at-mark-start (previous, next)
|   0|0x0000000601400000, 0x00000006017ef200, 0x0000000601800000| 98%| O|  |TAMS 0x0000000601400000, 0x0000000601400000| Untracked 
|   1|0x0000000601800000, 0x0000000601800000, 0x0000000601c00000|  0%| F|  |TAMS 0x0000000601800000, 0x0000000601800000| Untracked 
|   2|0x0000000601c00000, 0x0000000601c00000, 0x0000000602000000|  0%| F|  |TAMS 0x0000000601c00000, 0x0000000601c00000| Untracked 
|   3|0x0000000602000000, 0x0000000602000000, 0x0000000602400000|  0%| F|  |TAMS 0x0000000602000000, 0x0000000602000000| Untracked 
|   4|0x0000000602400000, 0x0000000602400000, 0x0000000602800000|  0%| F|  |TAMS 0x0000000602400000, 0x0000000602400000| Untracked 
|   5|0x0000000602800000, 0x0000000602800000, 0x0000000602c00000|  0%| F|  |TAMS 0x0000000602800000, 0x0000000602800000| Untracked 
|   6|0x0000000602c00000, 0x0000000602c00000, 0x0000000603000000|  0%| F|  |TAMS 0x0000000602c00000, 0x0000000602c00000| Untracked 
|   7|0x0000000603000000, 0x0000000603000000, 0x0000000603400000|  0%| F|  |TAMS 0x0000000603000000, 0x0000000603000000| Untracked 
|   8|0x0000000603400000, 0x0000000603400000, 0x0000000603800000|  0%| F|  |TAMS 0x0000000603400000, 0x0000000603400000| Untracked 
|   9|0x0000000603800000, 0x0000000603800000, 0x0000000603c00000|  0%| F|  |TAMS 0x0000000603800000, 0x0000000603800000| Untracked 
|  10|0x0000000603c00000, 0x0000000603c00000, 0x0000000604000000|  0%| F|  |TAMS 0x0000000603c00000, 0x0000000603c00000| Untracked 
|  11|0x0000000604000000, 0x0000000604000000, 0x0000000604400000|  0%| F|  |TAMS 0x0000000604000000, 0x0000000604000000| Untracked 
|  12|0x0000000604400000, 0x0000000604400000, 0x0000000604800000|  0%| F|  |TAMS 0x0000000604400000, 0x0000000604400000| Untracked 
|  13|0x0000000604800000, 0x0000000604800000, 0x0000000604c00000|  0%| F|  |TAMS 0x0000000604800000, 0x0000000604800000| Untracked 
|  14|0x0000000604c00000, 0x0000000604c00000, 0x0000000605000000|  0%| F|  |TAMS 0x0000000604c00000, 0x0000000604c00000| Untracked 
|  15|0x0000000605000000, 0x0000000605000000, 0x0000000605400000|  0%| F|  |TAMS 0x0000000605000000, 0x0000000605000000| Untracked 
|  16|0x0000000605400000, 0x0000000605400000, 0x0000000605800000|  0%| F|  |TAMS 0x0000000605400000, 0x0000000605400000| Untracked 
|  17|0x0000000605800000, 0x0000000605800000, 0x0000000605c00000|  0%| F|  |TAMS 0x0000000605800000, 0x0000000605800000| Untracked 
|  18|0x0000000605c00000, 0x0000000605c00000, 0x0000000606000000|  0%| F|  |TAMS 0x0000000605c00000, 0x0000000605c00000| Untracked 
|  19|0x0000000606000000, 0x0000000606000000, 0x0000000606400000|  0%| F|  |TAMS 0x0000000606000000, 0x0000000606000000| Untracked 
|  20|0x0000000606400000, 0x0000000606400000, 0x0000000606800000|  0%| F|  |TAMS 0x0000000606400000, 0x0000000606400000| Untracked 
|  21|0x0000000606800000, 0x0000000606800000, 0x0000000606c00000|  0%| F|  |TAMS 0x0000000606800000, 0x0000000606800000| Untracked 
|  22|0x0000000606c00000, 0x0000000606c00000, 0x0000000607000000|  0%| F|  |TAMS 0x0000000606c00000, 0x0000000606c00000| Untracked 
|  23|0x0000000607000000, 0x0000000607000000, 0x0000000607400000|  0%| F|  |TAMS 0x0000000607000000, 0x0000000607000000| Untracked 
|  24|0x0000000607400000, 0x0000000607400000, 0x0000000607800000|  0%| F|  |TAMS 0x0000000607400000, 0x0000000607400000| Untracked 
|  25|0x0000000607800000, 0x0000000607800000, 0x0000000607c00000|  0%| F|  |TAMS 0x0000000607800000, 0x0000000607800000| Untracked 
|  26|0x0000000607c00000, 0x0000000607c00000, 0x0000000608000000|  0%| F|  |TAMS 0x0000000607c00000, 0x0000000607c00000| Untracked 
|  27|0x0000000608000000, 0x0000000608000000, 0x0000000608400000|  0%| F|  |TAMS 0x0000000608000000, 0x0000000608000000| Untracked 
|  28|0x0000000608400000, 0x0000000608400000, 0x0000000608800000|  0%| F|  |TAMS 0x0000000608400000, 0x0000000608400000| Untracked 
|  29|0x0000000608800000, 0x0000000608800000, 0x0000000608c00000|  0%| F|  |TAMS 0x0000000608800000, 0x0000000608800000| Untracked 
|  30|0x0000000608c00000, 0x0000000608c00000, 0x0000000609000000|  0%| F|  |TAMS 0x0000000608c00000, 0x0000000608c00000| Untracked 
|  31|0x0000000609000000, 0x0000000609000000, 0x0000000609400000|  0%| F|  |TAMS 0x0000000609000000, 0x0000000609000000| Untracked 
|  32|0x0000000609400000, 0x0000000609400000, 0x0000000609800000|  0%| F|  |TAMS 0x0000000609400000, 0x0000000609400000| Untracked 
|  33|0x0000000609800000, 0x0000000609800000, 0x0000000609c00000|  0%| F|  |TAMS 0x0000000609800000, 0x0000000609800000| Untracked 
|  34|0x0000000609c00000, 0x0000000609c00000, 0x000000060a000000|  0%| F|  |TAMS 0x0000000609c00000, 0x0000000609c00000| Untracked 
|  35|0x000000060a000000, 0x000000060a000000, 0x000000060a400000|  0%| F|  |TAMS 0x000000060a000000, 0x000000060a000000| Untracked 
|  36|0x000000060a400000, 0x000000060a400000, 0x000000060a800000|  0%| F|  |TAMS 0x000000060a400000, 0x000000060a400000| Untracked 
|  37|0x000000060a800000, 0x000000060a800000, 0x000000060ac00000|  0%| F|  |TAMS 0x000000060a800000, 0x000000060a800000| Untracked 
|  38|0x000000060ac00000, 0x000000060ac00000, 0x000000060b000000|  0%| F|  |TAMS 0x000000060ac00000, 0x000000060ac00000| Untracked 
|  39|0x000000060b000000, 0x000000060b000000, 0x000000060b400000|  0%| F|  |TAMS 0x000000060b000000, 0x000000060b000000| Untracked 
|  40|0x000000060b400000, 0x000000060b400000, 0x000000060b800000|  0%| F|  |TAMS 0x000000060b400000, 0x000000060b400000| Untracked 
|  41|0x000000060b800000, 0x000000060b800000, 0x000000060bc00000|  0%| F|  |TAMS 0x000000060b800000, 0x000000060b800000| Untracked 
|  42|0x000000060bc00000, 0x000000060bc00000, 0x000000060c000000|  0%| F|  |TAMS 0x000000060bc00000, 0x000000060bc00000| Untracked 
|  43|0x000000060c000000, 0x000000060c000000, 0x000000060c400000|  0%| F|  |TAMS 0x000000060c000000, 0x000000060c000000| Untracked 
|  44|0x000000060c400000, 0x000000060c400000, 0x000000060c800000|  0%| F|  |TAMS 0x000000060c400000, 0x000000060c400000| Untracked 
|  45|0x000000060c800000, 0x000000060c800000, 0x000000060cc00000|  0%| F|  |TAMS 0x000000060c800000, 0x000000060c800000| Untracked 
|  46|0x000000060cc00000, 0x000000060cc00000, 0x000000060d000000|  0%| F|  |TAMS 0x000000060cc00000, 0x000000060cc00000| Untracked 
|  47|0x000000060d000000, 0x000000060d000000, 0x000000060d400000|  0%| F|  |TAMS 0x000000060d000000, 0x000000060d000000| Untracked 
|  48|0x000000060d400000, 0x000000060d400000, 0x000000060d800000|  0%| F|  |TAMS 0x000000060d400000, 0x000000060d400000| Untracked 
|  49|0x000000060d800000, 0x000000060d800000, 0x000000060dc00000|  0%| F|  |TAMS 0x000000060d800000, 0x000000060d800000| Untracked 
|  50|0x000000060dc00000, 0x000000060dc00000, 0x000000060e000000|  0%| F|  |TAMS 0x000000060dc00000, 0x000000060dc00000| Untracked 
|  51|0x000000060e000000, 0x000000060e000000, 0x000000060e400000|  0%| F|  |TAMS 0x000000060e000000, 0x000000060e000000| Untracked 
|  52|0x000000060e400000, 0x000000060e400000, 0x000000060e800000|  0%| F|  |TAMS 0x000000060e400000, 0x000000060e400000| Untracked 
|  53|0x000000060e800000, 0x000000060e800000, 0x000000060ec00000|  0%| F|  |TAMS 0x000000060e800000, 0x000000060e800000| Untracked 
|  54|0x000000060ec00000, 0x000000060ec00000, 0x000000060f000000|  0%| F|  |TAMS 0x000000060ec00000, 0x000000060ec00000| Untracked 
|  55|0x000000060f000000, 0x000000060f000000, 0x000000060f400000|  0%| F|  |TAMS 0x000000060f000000, 0x000000060f000000| Untracked 
|  56|0x000000060f400000, 0x000000060f400000, 0x000000060f800000|  0%| F|  |TAMS 0x000000060f400000, 0x000000060f400000| Untracked 
|  57|0x000000060f800000, 0x000000060f800000, 0x000000060fc00000|  0%| F|  |TAMS 0x000000060f800000, 0x000000060f800000| Untracked 
|  58|0x000000060fc00000, 0x000000060fc00000, 0x0000000610000000|  0%| F|  |TAMS 0x000000060fc00000, 0x000000060fc00000| Untracked 
|  59|0x0000000610000000, 0x0000000610000000, 0x0000000610400000|  0%| F|  |TAMS 0x0000000610000000, 0x0000000610000000| Untracked 
|  60|0x0000000610400000, 0x0000000610400000, 0x0000000610800000|  0%| F|  |TAMS 0x0000000610400000, 0x0000000610400000| Untracked 
|  61|0x0000000610800000, 0x0000000610800000, 0x0000000610c00000|  0%| F|  |TAMS 0x0000000610800000, 0x0000000610800000| Untracked 
|  62|0x0000000610c00000, 0x0000000610c00000, 0x0000000611000000|  0%| F|  |TAMS 0x0000000610c00000, 0x0000000610c00000| Untracked 
|  63|0x0000000611000000, 0x0000000611000000, 0x0000000611400000|  0%| F|  |TAMS 0x0000000611000000, 0x0000000611000000| Untracked 
|  64|0x0000000611400000, 0x0000000611400000, 0x0000000611800000|  0%| F|  |TAMS 0x0000000611400000, 0x0000000611400000| Untracked 
|  65|0x0000000611800000, 0x0000000611800000, 0x0000000611c00000|  0%| F|  |TAMS 0x0000000611800000, 0x0000000611800000| Untracked 
|  66|0x0000000611c00000, 0x0000000611c00000, 0x0000000612000000|  0%| F|  |TAMS 0x0000000611c00000, 0x0000000611c00000| Untracked 
|  67|0x0000000612000000, 0x0000000612000000, 0x0000000612400000|  0%| F|  |TAMS 0x0000000612000000, 0x0000000612000000| Untracked 
|  68|0x0000000612400000, 0x0000000612400000, 0x0000000612800000|  0%| F|  |TAMS 0x0000000612400000, 0x0000000612400000| Untracked 
|  69|0x0000000612800000, 0x0000000612800000, 0x0000000612c00000|  0%| F|  |TAMS 0x0000000612800000, 0x0000000612800000| Untracked 
|  70|0x0000000612c00000, 0x0000000612c00000, 0x0000000613000000|  0%| F|  |TAMS 0x0000000612c00000, 0x0000000612c00000| Untracked 
|  71|0x0000000613000000, 0x0000000613000000, 0x0000000613400000|  0%| F|  |TAMS 0x0000000613000000, 0x0000000613000000| Untracked 
|  72|0x0000000613400000, 0x0000000613400000, 0x0000000613800000|  0%| F|  |TAMS 0x0000000613400000, 0x0000000613400000| Untracked 
|  73|0x0000000613800000, 0x0000000613800000, 0x0000000613c00000|  0%| F|  |TAMS 0x0000000613800000, 0x0000000613800000| Untracked 
|  74|0x0000000613c00000, 0x0000000613c00000, 0x0000000614000000|  0%| F|  |TAMS 0x0000000613c00000, 0x0000000613c00000| Untracked 
|  75|0x0000000614000000, 0x0000000614000000, 0x0000000614400000|  0%| F|  |TAMS 0x0000000614000000, 0x0000000614000000| Untracked 
|  76|0x0000000614400000, 0x0000000614400000, 0x0000000614800000|  0%| F|  |TAMS 0x0000000614400000, 0x0000000614400000| Untracked 
|  77|0x0000000614800000, 0x0000000614800000, 0x0000000614c00000|  0%| F|  |TAMS 0x0000000614800000, 0x0000000614800000| Untracked 
|  78|0x0000000614c00000, 0x0000000614c00000, 0x0000000615000000|  0%| F|  |TAMS 0x0000000614c00000, 0x0000000614c00000| Untracked 
|  79|0x0000000615000000, 0x0000000615000000, 0x0000000615400000|  0%| F|  |TAMS 0x0000000615000000, 0x0000000615000000| Untracked 
|  80|0x0000000615400000, 0x0000000615400000, 0x0000000615800000|  0%| F|  |TAMS 0x0000000615400000, 0x0000000615400000| Untracked 
|  81|0x0000000615800000, 0x0000000615800000, 0x0000000615c00000|  0%| F|  |TAMS 0x0000000615800000, 0x0000000615800000| Untracked 
|  82|0x0000000615c00000, 0x0000000615c00000, 0x0000000616000000|  0%| F|  |TAMS 0x0000000615c00000, 0x0000000615c00000| Untracked 
|  83|0x0000000616000000, 0x0000000616000000, 0x0000000616400000|  0%| F|  |TAMS 0x0000000616000000, 0x0000000616000000| Untracked 
|  84|0x0000000616400000, 0x0000000616400000, 0x0000000616800000|  0%| F|  |TAMS 0x0000000616400000, 0x0000000616400000| Untracked 
|  85|0x0000000616800000, 0x0000000616800000, 0x0000000616c00000|  0%| F|  |TAMS 0x0000000616800000, 0x0000000616800000| Untracked 
|  86|0x0000000616c00000, 0x0000000616c00000, 0x0000000617000000|  0%| F|  |TAMS 0x0000000616c00000, 0x0000000616c00000| Untracked 
|  87|0x0000000617000000, 0x0000000617000000, 0x0000000617400000|  0%| F|  |TAMS 0x0000000617000000, 0x0000000617000000| Untracked 
|  88|0x0000000617400000, 0x0000000617400000, 0x0000000617800000|  0%| F|  |TAMS 0x0000000617400000, 0x0000000617400000| Untracked 
|  89|0x0000000617800000, 0x0000000617800000, 0x0000000617c00000|  0%| F|  |TAMS 0x0000000617800000, 0x0000000617800000| Untracked 
|  90|0x0000000617c00000, 0x0000000617c00000, 0x0000000618000000|  0%| F|  |TAMS 0x0000000617c00000, 0x0000000617c00000| Untracked 
|  91|0x0000000618000000, 0x0000000618000000, 0x0000000618400000|  0%| F|  |TAMS 0x0000000618000000, 0x0000000618000000| Untracked 
|  92|0x0000000618400000, 0x0000000618400000, 0x0000000618800000|  0%| F|  |TAMS 0x0000000618400000, 0x0000000618400000| Untracked 
|  93|0x0000000618800000, 0x0000000618800000, 0x0000000618c00000|  0%| F|  |TAMS 0x0000000618800000, 0x0000000618800000| Untracked 
|  94|0x0000000618c00000, 0x0000000618c00000, 0x0000000619000000|  0%| F|  |TAMS 0x0000000618c00000, 0x0000000618c00000| Untracked 
|  95|0x0000000619000000, 0x0000000619000000, 0x0000000619400000|  0%| F|  |TAMS 0x0000000619000000, 0x0000000619000000| Untracked 
|  96|0x0000000619400000, 0x0000000619400000, 0x0000000619800000|  0%| F|  |TAMS 0x0000000619400000, 0x0000000619400000| Untracked 
|  97|0x0000000619800000, 0x0000000619800000, 0x0000000619c00000|  0%| F|  |TAMS 0x0000000619800000, 0x0000000619800000| Untracked 
|  98|0x0000000619c00000, 0x0000000619c00000, 0x000000061a000000|  0%| F|  |TAMS 0x0000000619c00000, 0x0000000619c00000| Untracked 
|  99|0x000000061a000000, 0x000000061a000000, 0x000000061a400000|  0%| F|  |TAMS 0x000000061a000000, 0x000000061a000000| Untracked 
| 100|0x000000061a400000, 0x000000061a400000, 0x000000061a800000|  0%| F|  |TAMS 0x000000061a400000, 0x000000061a400000| Untracked 
| 101|0x000000061a800000, 0x000000061a800000, 0x000000061ac00000|  0%| F|  |TAMS 0x000000061a800000, 0x000000061a800000| Untracked 
| 102|0x000000061ac00000, 0x000000061ac00000, 0x000000061b000000|  0%| F|  |TAMS 0x000000061ac00000, 0x000000061ac00000| Untracked 
| 103|0x000000061b000000, 0x000000061b000000, 0x000000061b400000|  0%| F|  |TAMS 0x000000061b000000, 0x000000061b000000| Untracked 
| 104|0x000000061b400000, 0x000000061b400000, 0x000000061b800000|  0%| F|  |TAMS 0x000000061b400000, 0x000000061b400000| Untracked 
| 105|0x000000061b800000, 0x000000061b800000, 0x000000061bc00000|  0%| F|  |TAMS 0x000000061b800000, 0x000000061b800000| Untracked 
| 106|0x000000061bc00000, 0x000000061bc00000, 0x000000061c000000|  0%| F|  |TAMS 0x000000061bc00000, 0x000000061bc00000| Untracked 
| 107|0x000000061c000000, 0x000000061c000000, 0x000000061c400000|  0%| F|  |TAMS 0x000000061c000000, 0x000000061c000000| Untracked 
| 108|0x000000061c400000, 0x000000061c400000, 0x000000061c800000|  0%| F|  |TAMS 0x000000061c400000, 0x000000061c400000| Untracked 
| 109|0x000000061c800000, 0x000000061c800000, 0x000000061cc00000|  0%| F|  |TAMS 0x000000061c800000, 0x000000061c800000| Untracked 
| 110|0x000000061cc00000, 0x000000061cc00000, 0x000000061d000000|  0%| F|  |TAMS 0x000000061cc00000, 0x000000061cc00000| Untracked 
| 111|0x000000061d000000, 0x000000061d000000, 0x000000061d400000|  0%| F|  |TAMS 0x000000061d000000, 0x000000061d000000| Untracked 
| 112|0x000000061d400000, 0x000000061d400000, 0x000000061d800000|  0%| F|  |TAMS 0x000000061d400000, 0x000000061d400000| Untracked 
| 113|0x000000061d800000, 0x000000061d800000, 0x000000061dc00000|  0%| F|  |TAMS 0x000000061d800000, 0x000000061d800000| Untracked 
| 114|0x000000061dc00000, 0x000000061dc00000, 0x000000061e000000|  0%| F|  |TAMS 0x000000061dc00000, 0x000000061dc00000| Untracked 
| 115|0x000000061e000000, 0x000000061e000000, 0x000000061e400000|  0%| F|  |TAMS 0x000000061e000000, 0x000000061e000000| Untracked 
| 116|0x000000061e400000, 0x000000061e400000, 0x000000061e800000|  0%| F|  |TAMS 0x000000061e400000, 0x000000061e400000| Untracked 
| 117|0x000000061e800000, 0x000000061e800000, 0x000000061ec00000|  0%| F|  |TAMS 0x000000061e800000, 0x000000061e800000| Untracked 
| 118|0x000000061ec00000, 0x000000061ec00000, 0x000000061f000000|  0%| F|  |TAMS 0x000000061ec00000, 0x000000061ec00000| Untracked 
| 119|0x000000061f000000, 0x000000061f000000, 0x000000061f400000|  0%| F|  |TAMS 0x000000061f000000, 0x000000061f000000| Untracked 
| 120|0x000000061f400000, 0x000000061f800000, 0x000000061f800000|100%| S|CS|TAMS 0x000000061f400000, 0x000000061f400000| Complete 
| 121|0x000000061f800000, 0x000000061faa9918, 0x000000061fc00000| 66%| E|  |TAMS 0x000000061f800000, 0x000000061f800000| Complete 
| 122|0x000000061fc00000, 0x0000000620000000, 0x0000000620000000|100%| E|CS|TAMS 0x000000061fc00000, 0x000000061fc00000| Complete 
| 123|0x0000000620000000, 0x0000000620400000, 0x0000000620400000|100%| E|  |TAMS 0x0000000620000000, 0x0000000620000000| Complete 
| 124|0x0000000620400000, 0x0000000620800000, 0x0000000620800000|100%| E|CS|TAMS 0x0000000620400000, 0x0000000620400000| Complete 
| 125|0x0000000620800000, 0x0000000620c00000, 0x0000000620c00000|100%| E|CS|TAMS 0x0000000620800000, 0x0000000620800000| Complete 
| 126|0x0000000620c00000, 0x0000000621000000, 0x0000000621000000|100%| E|CS|TAMS 0x0000000620c00000, 0x0000000620c00000| Complete 
| 127|0x0000000621000000, 0x0000000621400000, 0x0000000621400000|100%| E|CS|TAMS 0x0000000621000000, 0x0000000621000000| Complete 

Card table byte_map: [0x000001fba1510000,0x000001fba2510000] _byte_map_base: 0x000001fb9e506000

Marking Bits (Prev, Next): (CMBitMap*) 0x000001fbb3585250, (CMBitMap*) 0x000001fbb3585290
 Prev Bits: [0x000001fba3510000, 0x000001fbab4c0000)
 Next Bits: [0x000001fbab4c0000, 0x000001fbb3470000)

Polling page: 0x000001fb86dd0000

Metaspace:

Usage:
  Non-class:     16.70 MB used.
      Class:      2.03 MB used.
       Both:     18.72 MB used.

Virtual space:
  Non-class space:       24.00 MB reserved,      16.81 MB ( 70%) committed,  3 nodes.
      Class space:        1.00 GB reserved,       2.12 MB ( <1%) committed,  1 nodes.
             Both:        1.02 GB reserved,      18.94 MB (  2%) committed. 

Chunk freelists:
   Non-Class:  2.84 MB
       Class:  1.72 MB
        Both:  4.56 MB

MaxMetaspaceSize: unlimited
CompressedClassSpaceSize: 1.00 GB
Initial GC threshold: 21.00 MB
Current GC threshold: 21.00 MB
CDS: on
MetaspaceReclaimPolicy: balanced
 - commit_granule_bytes: 65536.
 - commit_granule_words: 8192.
 - virtual_space_node_default_size: 1048576.
 - enlarge_chunks_in_place: 1.
 - new_chunks_are_fully_committed: 0.
 - uncommit_free_chunks: 1.
 - use_allocation_guard: 0.
 - handle_deallocations: 1.


Internal statistics:

num_allocs_failed_limit: 0.
num_arena_births: 210.
num_arena_deaths: 0.
num_vsnodes_births: 4.
num_vsnodes_deaths: 0.
num_space_committed: 303.
num_space_uncommitted: 0.
num_chunks_returned_to_freelist: 0.
num_chunks_taken_from_freelist: 575.
num_chunk_merges: 0.
num_chunk_splits: 358.
num_chunks_enlarged: 234.
num_purges: 0.
num_inconsistent_stats: 0.

CodeHeap 'non-profiled nmethods': size=119168Kb used=1290Kb max_used=1290Kb free=117877Kb
 bounds [0x000001fb98610000, 0x000001fb98880000, 0x000001fb9fa70000]
CodeHeap 'profiled nmethods': size=119104Kb used=6337Kb max_used=6337Kb free=112766Kb
 bounds [0x000001fb911c0000, 0x000001fb91800000, 0x000001fb98610000]
CodeHeap 'non-nmethods': size=7488Kb used=2365Kb max_used=2946Kb free=5122Kb
 bounds [0x000001fb90a70000, 0x000001fb90dc0000, 0x000001fb911c0000]
 total_blobs=3665 nmethods=3116 adapters=458
 compilation: enabled
              stopped_count=0, restarted_count=0
 full_count=0

Compilation events (20 events):
Event: 16.354 Thread 0x000001fbb9ac42d0 3109       3       java.lang.String::hashCode (60 bytes)
Event: 16.355 Thread 0x000001fbb6822b00 nmethod 3108 0x000001fb917ebe10 code [0x000001fb917ebfc0, 0x000001fb917ec1a8]
Event: 16.355 Thread 0x000001fbb6822b00 3110       1       com.sun.xml.bind.v2.runtime.unmarshaller.UnmarshallingContext$State::access$1100 (5 bytes)
Event: 16.355 Thread 0x000001fbb9ac42d0 nmethod 3109 0x000001fb917ec290 code [0x000001fb917ec460, 0x000001fb917ec7d8]
Event: 16.355 Thread 0x000001fbb9ac2e90 3111       1       com.sun.xml.bind.v2.runtime.unmarshaller.UnmarshallerImpl::getListener (5 bytes)
Event: 16.355 Thread 0x000001fbb9ac42d0 3112       3       java.lang.StringUTF16::putCharsSB (21 bytes)
Event: 16.355 Thread 0x000001fbb6822b00 nmethod 3110 0x000001fb9873cd90 code [0x000001fb9873cf20, 0x000001fb9873cfd8]
Event: 16.356 Thread 0x000001fbb9ac2e90 nmethod 3111 0x000001fb9873d090 code [0x000001fb9873d220, 0x000001fb9873d2f8]
Event: 16.356 Thread 0x000001fbb9ac42d0 nmethod 3112 0x000001fb917ec890 code [0x000001fb917eca60, 0x000001fb917ecdc8]
Event: 16.365 Thread 0x000001fbb6821bd0 nmethod 3086 0x000001fb9873d390 code [0x000001fb9873d540, 0x000001fb9873df48]
Event: 16.366 Thread 0x000001fbb6821bd0 3087       4       java.lang.AbstractStringBuilder::append (63 bytes)
Event: 16.366 Thread 0x000001fbb9ac5200 nmethod 3101% 0x000001fb9873e310 code [0x000001fb9873e4e0, 0x000001fb9873f0b8]
Event: 16.367 Thread 0x000001fbb9ac5200 3074       4       java.util.regex.Pattern$BmpCharProperty::match (55 bytes)
Event: 16.374 Thread 0x000001fbb9ac5200 nmethod 3074 0x000001fb9873f990 code [0x000001fb9873fb40, 0x000001fb9873ff98]
Event: 16.374 Thread 0x000001fbb9ac5200 3072       4       java.util.regex.Pattern$GroupHead::match (47 bytes)
Event: 17.384 Thread 0x000001fbb9ac5c20 nmethod 3102 0x000001fb98740490 code [0x000001fb98740680, 0x000001fb98741278]
Event: 17.384 Thread 0x000001fbb9ac5c20 3099       4       java.lang.StringUTF16::inflate (42 bytes)
Event: 17.385 Thread 0x000001fbb68216c0 nmethod 3090 0x000001fb98741e90 code [0x000001fb98742080, 0x000001fb98742fe8]
Event: 17.389 Thread 0x000001fbb9ac5200 nmethod 3072 0x000001fb98743910 code [0x000001fb98743ae0, 0x000001fb98744118]
Event: 17.389 Thread 0x000001fbb6821bd0 nmethod 3087 0x000001fb98744810 code [0x000001fb987449e0, 0x000001fb98745688]

GC Heap History (4 events):
Event: 10.270 GC heap before
{Heap before GC invocations=0 (full 0):
 garbage-first heap   total 524288K, used 20480K [0x0000000601400000, 0x0000000800000000)
  region size 4096K, 6 young (24576K), 0 survivors (0K)
 Metaspace       used 6874K, committed 7040K, reserved 1056768K
  class space    used 769K, committed 832K, reserved 1048576K
}
Event: 10.273 GC heap after
{Heap after GC invocations=1 (full 0):
 garbage-first heap   total 524288K, used 4087K [0x0000000601400000, 0x0000000800000000)
  region size 4096K, 1 young (4096K), 1 survivors (4096K)
 Metaspace       used 6874K, committed 7040K, reserved 1056768K
  class space    used 769K, committed 832K, reserved 1048576K
}
Event: 13.078 GC heap before
{Heap before GC invocations=1 (full 0):
 garbage-first heap   total 524288K, used 28663K [0x0000000601400000, 0x0000000800000000)
  region size 4096K, 7 young (28672K), 1 survivors (4096K)
 Metaspace       used 18925K, committed 19200K, reserved 1073152K
  class space    used 2059K, committed 2176K, reserved 1048576K
}
Event: 13.084 GC heap after
{Heap after GC invocations=2 (full 0):
 garbage-first heap   total 524288K, used 8124K [0x0000000601400000, 0x0000000800000000)
  region size 4096K, 1 young (4096K), 1 survivors (4096K)
 Metaspace       used 18925K, committed 19200K, reserved 1073152K
  class space    used 2059K, committed 2176K, reserved 1048576K
}

Deoptimization events (20 events):
Event: 15.295 Thread 0x000001fb89287e50 DEOPT PACKING pc=0x000001fb915845f5 sp=0x000000952e7fe570
Event: 15.295 Thread 0x000001fb89287e50 DEOPT UNPACKING pc=0x000001fb90ac2b43 sp=0x000000952e7fda40 mode 0
Event: 15.295 Thread 0x000001fb89287e50 DEOPT PACKING pc=0x000001fb915845f5 sp=0x000000952e7fe570
Event: 15.295 Thread 0x000001fb89287e50 DEOPT UNPACKING pc=0x000001fb90ac2b43 sp=0x000000952e7fda40 mode 0
Event: 16.307 Thread 0x000001fb89287e50 DEOPT PACKING pc=0x000001fb915845f5 sp=0x000000952e7fe570
Event: 16.307 Thread 0x000001fb89287e50 DEOPT UNPACKING pc=0x000001fb90ac2b43 sp=0x000000952e7fda40 mode 0
Event: 16.323 Thread 0x000001fb89287e50 DEOPT PACKING pc=0x000001fb915845f5 sp=0x000000952e7fe570
Event: 16.323 Thread 0x000001fb89287e50 DEOPT UNPACKING pc=0x000001fb90ac2b43 sp=0x000000952e7fda40 mode 0
Event: 16.325 Thread 0x000001fb89287e50 Uncommon trap: trap_request=0xffffff45 fr.pc=0x000001fb98733c6c relative=0x000000000000076c
Event: 16.325 Thread 0x000001fb89287e50 Uncommon trap: reason=unstable_if action=reinterpret pc=0x000001fb98733c6c method=java.lang.String.charAt(I)C @ 4 c2
Event: 16.325 Thread 0x000001fb89287e50 DEOPT PACKING pc=0x000001fb98733c6c sp=0x000000952e7fdea0
Event: 16.325 Thread 0x000001fb89287e50 DEOPT UNPACKING pc=0x000001fb90ac23a3 sp=0x000000952e7fdce0 mode 2
Event: 16.336 Thread 0x000001fb89287e50 DEOPT PACKING pc=0x000001fb915845f5 sp=0x000000952e7fe600
Event: 16.336 Thread 0x000001fb89287e50 DEOPT UNPACKING pc=0x000001fb90ac2b43 sp=0x000000952e7fdac0 mode 0
Event: 16.337 Thread 0x000001fb89287e50 DEOPT PACKING pc=0x000001fb915845f5 sp=0x000000952e7fe580
Event: 16.337 Thread 0x000001fb89287e50 DEOPT UNPACKING pc=0x000001fb90ac2b43 sp=0x000000952e7fda40 mode 0
Event: 16.345 Thread 0x000001fb89287e50 DEOPT PACKING pc=0x000001fb915845f5 sp=0x000000952e7fe580
Event: 16.345 Thread 0x000001fb89287e50 DEOPT UNPACKING pc=0x000001fb90ac2b43 sp=0x000000952e7fda40 mode 0
Event: 16.346 Thread 0x000001fb89287e50 DEOPT PACKING pc=0x000001fb915845f5 sp=0x000000952e7fe580
Event: 16.346 Thread 0x000001fb89287e50 DEOPT UNPACKING pc=0x000001fb90ac2b43 sp=0x000000952e7fda40 mode 0

Classes unloaded (0 events):
No events

Classes redefined (0 events):
No events

Internal exceptions (20 events):
Event: 13.087 Thread 0x000001fbb7b2b1d0 Exception <a 'sun/nio/fs/WindowsException'{0x00000006211eb448}> (0x00000006211eb448) 
thrown [t:\workspace\open\src\hotspot\share\prims\jni.cpp, line 516]
Event: 13.087 Thread 0x000001fbb7b2c9e0 Exception <a 'sun/nio/fs/WindowsException'{0x00000006210d0098}> (0x00000006210d0098) 
thrown [t:\workspace\open\src\hotspot\share\prims\jni.cpp, line 516]
Event: 13.087 Thread 0x000001fbb7b2c510 Exception <a 'sun/nio/fs/WindowsException'{0x00000006213c9c18}> (0x00000006213c9c18) 
thrown [t:\workspace\open\src\hotspot\share\prims\jni.cpp, line 516]
Event: 13.087 Thread 0x000001fbb78ae080 Exception <a 'sun/nio/fs/WindowsException'{0x0000000620c01fe8}> (0x0000000620c01fe8) 
thrown [t:\workspace\open\src\hotspot\share\prims\jni.cpp, line 516]
Event: 13.087 Thread 0x000001fbb7b2bb70 Exception <a 'sun/nio/fs/WindowsException'{0x000000062125b938}> (0x000000062125b938) 
thrown [t:\workspace\open\src\hotspot\share\prims\jni.cpp, line 516]
Event: 13.087 Thread 0x000001fbb7b2b6a0 Exception <a 'sun/nio/fs/WindowsException'{0x0000000621223998}> (0x0000000621223998) 
thrown [t:\workspace\open\src\hotspot\share\prims\jni.cpp, line 516]
Event: 13.087 Thread 0x000001fbb7b2c040 Exception <a 'sun/nio/fs/WindowsException'{0x0000000621391b80}> (0x0000000621391b80) 
thrown [t:\workspace\open\src\hotspot\share\prims\jni.cpp, line 516]
Event: 13.087 Thread 0x000001fbb78ae080 Exception <a 'sun/nio/fs/WindowsException'{0x0000000620c02810}> (0x0000000620c02810) 
thrown [t:\workspace\open\src\hotspot\share\prims\jni.cpp, line 516]
Event: 13.087 Thread 0x000001fbb7b2c510 Exception <a 'sun/nio/fs/WindowsException'{0x00000006213ca118}> (0x00000006213ca118) 
thrown [t:\workspace\open\src\hotspot\share\prims\jni.cpp, line 516]
Event: 13.088 Thread 0x000001fbb78ae080 Exception <a 'sun/nio/fs/WindowsException'{0x0000000620c02cf8}> (0x0000000620c02cf8) 
thrown [t:\workspace\open\src\hotspot\share\prims\jni.cpp, line 516]
Event: 13.088 Thread 0x000001fbb7b2a830 Exception <a 'sun/nio/fs/WindowsException'{0x00000006213e5680}> (0x00000006213e5680) 
thrown [t:\workspace\open\src\hotspot\share\prims\jni.cpp, line 516]
Event: 13.088 Thread 0x000001fbb78ad210 Exception <a 'sun/nio/fs/WindowsException'{0x0000000620c1e598}> (0x0000000620c1e598) 
thrown [t:\workspace\open\src\hotspot\share\prims\jni.cpp, line 516]
Event: 13.088 Thread 0x000001fbb7b2a830 Exception <a 'sun/nio/fs/WindowsException'{0x00000006213e5ec0}> (0x00000006213e5ec0) 
thrown [t:\workspace\open\src\hotspot\share\prims\jni.cpp, line 516]
Event: 13.088 Thread 0x000001fbb7b294f0 Exception <a 'sun/nio/fs/WindowsException'{0x0000000621374b78}> (0x0000000621374b78) 
thrown [t:\workspace\open\src\hotspot\share\prims\jni.cpp, line 516]
Event: 13.088 Thread 0x000001fbb78ad210 Exception <a 'sun/nio/fs/WindowsException'{0x0000000620c1e870}> (0x0000000620c1e870) 
thrown [t:\workspace\open\src\hotspot\share\prims\jni.cpp, line 516]
Event: 13.088 Thread 0x000001fbb7b294f0 Exception <a 'sun/nio/fs/WindowsException'{0x00000006213753b8}> (0x00000006213753b8) 
thrown [t:\workspace\open\src\hotspot\share\prims\jni.cpp, line 516]
Event: 13.088 Thread 0x000001fbb78ad210 Exception <a 'sun/nio/fs/WindowsException'{0x0000000620c1f098}> (0x0000000620c1f098) 
thrown [t:\workspace\open\src\hotspot\share\prims\jni.cpp, line 516]
Event: 13.088 Thread 0x000001fbb7b2a830 Exception <a 'sun/nio/fs/WindowsException'{0x00000006213e63c0}> (0x00000006213e63c0) 
thrown [t:\workspace\open\src\hotspot\share\prims\jni.cpp, line 516]
Event: 13.089 Thread 0x000001fbb7b294f0 Exception <a 'sun/nio/fs/WindowsException'{0x00000006213758b8}> (0x00000006213758b8) 
thrown [t:\workspace\open\src\hotspot\share\prims\jni.cpp, line 516]
Event: 13.089 Thread 0x000001fbb78ad210 Exception <a 'sun/nio/fs/WindowsException'{0x0000000620c1f580}> (0x0000000620c1f580) 
thrown [t:\workspace\open\src\hotspot\share\prims\jni.cpp, line 516]

VM Operations (20 events):
Event: 11.864 Executing VM operation: Cleanup
Event: 11.864 Executing VM operation: Cleanup done
Event: 12.879 Executing VM operation: Cleanup
Event: 12.879 Executing VM operation: Cleanup done
Event: 12.985 Executing VM operation: HandshakeAllThreads
Event: 12.985 Executing VM operation: HandshakeAllThreads done
Event: 12.985 Executing VM operation: HandshakeAllThreads
Event: 12.986 Executing VM operation: HandshakeAllThreads done
Event: 12.990 Executing VM operation: HandshakeAllThreads
Event: 12.990 Executing VM operation: HandshakeAllThreads done
Event: 13.040 Executing VM operation: HandshakeAllThreads
Event: 13.040 Executing VM operation: HandshakeAllThreads done
Event: 13.078 Executing VM operation: G1CollectForAllocation
Event: 13.084 Executing VM operation: G1CollectForAllocation done
Event: 14.094 Executing VM operation: Cleanup
Event: 15.183 Executing VM operation: Cleanup done
Event: 16.197 Executing VM operation: Cleanup
Event: 16.323 Executing VM operation: Cleanup done
Event: 17.333 Executing VM operation: Cleanup
Event: 17.333 Executing VM operation: Cleanup done

Events (20 events):
Event: 13.100 Thread 0x000001fbb9ac5c20 Thread added: 0x000001fbb9ac5c20
Event: 13.101 loading class sun/security/ssl/PreSharedKeyExtension$PskIdentity
Event: 13.102 loading class sun/security/ssl/PreSharedKeyExtension$PskIdentity done
Event: 13.102 loading class sun/security/ssl/PreSharedKeyExtension$CHPreSharedKeySpec
Event: 13.103 loading class sun/security/ssl/PreSharedKeyExtension$CHPreSharedKeySpec done
Event: 13.103 loading class sun/security/ssl/PreSharedKeyExtension$PartialClientHelloMessage
Event: 13.103 loading class sun/security/ssl/PreSharedKeyExtension$PartialClientHelloMessage done
Event: 13.103 loading class sun/security/ssl/SSLEngineOutputRecord
Event: 13.104 loading class sun/security/ssl/SSLEngineOutputRecord done
Event: 13.104 loading class sun/security/ssl/SSLEngineOutputRecord$HandshakeFragment
Event: 13.104 loading class sun/security/ssl/SSLEngineOutputRecord$HandshakeFragment done
Event: 13.104 loading class sun/security/ssl/SSLEngineOutputRecord$HandshakeMemo
Event: 13.104 loading class sun/security/ssl/SSLEngineOutputRecord$RecordMemo
Event: 13.104 loading class sun/security/ssl/SSLEngineOutputRecord$RecordMemo done
Event: 13.104 loading class sun/security/ssl/SSLEngineOutputRecord$HandshakeMemo done
Event: 15.183 Thread 0x000001fbb6823520 Thread exited: 0x000001fbb6823520
Event: 15.183 Thread 0x000001fbb6823010 Thread exited: 0x000001fbb6823010
Event: 15.246 Thread 0x000001fbb7cdf9b0 Thread exited: 0x000001fbb7cdf9b0
Event: 15.261 Thread 0x000001fbb9ac42d0 Thread added: 0x000001fbb9ac42d0
Event: 15.279 Thread 0x000001fbb9ac2e90 Thread added: 0x000001fbb9ac2e90


Dynamic libraries:
0x00007ff79a160000 - 0x00007ff79a16e000 	E:\devkit\jdk-17.0.2\bin\java.exe
0x00007fff67000000 - 0x00007fff67266000 	C:\Windows\SYSTEM32\ntdll.dll
0x00007fff65d30000 - 0x00007fff65df9000 	C:\Windows\System32\KERNEL32.DLL
0x00007fff642d0000 - 0x00007fff646cf000 	C:\Windows\System32\KERNELBASE.dll
0x00007fff64bd0000 - 0x00007fff64d1c000 	C:\Windows\System32\ucrtbase.dll
0x00007fff58540000 - 0x00007fff58558000 	E:\devkit\jdk-17.0.2\bin\jli.dll
0x00007fff57dd0000 - 0x00007fff57dea000 	E:\devkit\jdk-17.0.2\bin\VCRUNTIME140.dll
0x00007fff65880000 - 0x00007fff65a46000 	C:\Windows\System32\USER32.dll
0x00007fff64210000 - 0x00007fff64237000 	C:\Windows\System32\win32u.dll
0x00007fff668b0000 - 0x00007fff668db000 	C:\Windows\System32\GDI32.dll
0x00007fff3e2c0000 - 0x00007fff3e551000 	C:\Windows\WinSxS\amd64_microsoft.windows.common-controls_6595b64144ccf1df_6.0.26100.8972_none_3e0da176e32f9d4b\COMCTL32.dll
0x00007fff64850000 - 0x00007fff64979000 	C:\Windows\System32\gdi32full.dll
0x00007fff65a50000 - 0x00007fff65af9000 	C:\Windows\System32\msvcrt.dll
0x00007fff647a0000 - 0x00007fff64843000 	C:\Windows\System32\msvcp_win.dll
0x00007fff65690000 - 0x00007fff656c2000 	C:\Windows\System32\IMM32.DLL
0x00007fff1ec90000 - 0x00007fff1ed1e000 	D:\Program Files\wb\WorkBuddy\resources\app.asar.unpacked\cli\vendor\sandbox\tsbx.dll
0x00007fff652a0000 - 0x00007fff65322000 	C:\Windows\System32\WS2_32.dll
0x00007fff65330000 - 0x00007fff65448000 	C:\Windows\System32\RPCRT4.dll
0x00007fff65f40000 - 0x00007fff666c8000 	C:\Windows\System32\SHELL32.dll
0x00007fff629b0000 - 0x00007fff62b08000 	C:\Windows\SYSTEM32\dnsapi.dll
0x00007fff65e00000 - 0x00007fff65eaa000 	C:\Windows\System32\sechost.dll
0x00007fff63280000 - 0x00007fff6328d000 	C:\Windows\SYSTEM32\DSPARSE.dll
0x00007fff628c0000 - 0x00007fff628f3000 	C:\Windows\SYSTEM32\IPHLPAPI.DLL
0x00007fff669e0000 - 0x00007fff669ea000 	C:\Windows\System32\NSI.dll
0x00007fff5de70000 - 0x00007fff5df98000 	C:\Windows\SYSTEM32\winhttp.dll
0x00007fff59630000 - 0x00007fff5963c000 	E:\devkit\jdk-17.0.2\bin\vcruntime140_1.dll
0x00007fff1eec0000 - 0x00007fff1ef4d000 	E:\devkit\jdk-17.0.2\bin\msvcp140.dll
0x00007ffed2070000 - 0x00007ffed2c31000 	E:\devkit\jdk-17.0.2\bin\server\jvm.dll
0x00007fff668e0000 - 0x00007fff6699c000 	C:\Windows\System32\ADVAPI32.dll
0x00007fff65870000 - 0x00007fff65878000 	C:\Windows\System32\PSAPI.DLL
0x00007fff4c7e0000 - 0x00007fff4c7ea000 	C:\Windows\SYSTEM32\WSOCK32.dll
0x00007fff58750000 - 0x00007fff58786000 	C:\Windows\SYSTEM32\WINMM.dll
0x00007fff5ea40000 - 0x00007fff5ea4b000 	C:\Windows\SYSTEM32\VERSION.dll
0x00007fff62ef0000 - 0x00007fff62f0b000 	C:\Windows\SYSTEM32\kernel.appcore.dll
0x00007fff594e0000 - 0x00007fff594ea000 	E:\devkit\jdk-17.0.2\bin\jimage.dll
0x00007fff61540000 - 0x00007fff61782000 	C:\Windows\SYSTEM32\DBGHELP.DLL
0x00007fff669f0000 - 0x00007fff66d75000 	C:\Windows\System32\combase.dll
0x00007fff65b00000 - 0x00007fff65bd9000 	C:\Windows\System32\OLEAUT32.dll
0x00007fff4b670000 - 0x00007fff4b6ab000 	C:\Windows\SYSTEM32\dbgcore.DLL
0x00007fff64980000 - 0x00007fff64a2c000 	C:\Windows\System32\bcryptPrimitives.dll
0x00007fff3ce00000 - 0x00007fff3ce25000 	E:\devkit\jdk-17.0.2\bin\java.dll
0x00007fff08000000 - 0x00007fff080d6000 	E:\devkit\jdk-17.0.2\bin\jsvml.dll
0x00007fff61cf0000 - 0x00007fff6258b000 	C:\Windows\SYSTEM32\windows.storage.dll
0x00007fff65590000 - 0x00007fff65689000 	C:\Windows\System32\SHCORE.dll
0x00007fff66d80000 - 0x00007fff66de6000 	C:\Windows\System32\shlwapi.dll
0x00007fff64130000 - 0x00007fff64159000 	C:\Windows\SYSTEM32\profapi.dll
0x00007fff57db0000 - 0x00007fff57dc9000 	E:\devkit\jdk-17.0.2\bin\net.dll
0x00007fff634a0000 - 0x00007fff6350c000 	C:\Windows\system32\mswsock.dll
0x00007fff57d70000 - 0x00007fff57d86000 	E:\devkit\jdk-17.0.2\bin\nio.dll
0x00007fff4ca10000 - 0x00007fff4ca28000 	E:\devkit\jdk-17.0.2\bin\zip.dll
0x00007fff63790000 - 0x00007fff637ab000 	C:\Windows\SYSTEM32\CRYPTSP.dll
0x00007fff62e50000 - 0x00007fff62e89000 	C:\Windows\system32\rsaenh.dll
0x00007fff63550000 - 0x00007fff63582000 	C:\Windows\SYSTEM32\USERENV.dll
0x00007fff64100000 - 0x00007fff6412a000 	C:\Windows\SYSTEM32\bcrypt.dll
0x00007fff637b0000 - 0x00007fff637bc000 	C:\Windows\SYSTEM32\CRYPTBASE.dll
0x00007fff5dc80000 - 0x00007fff5dc9d000 	C:\Windows\SYSTEM32\dhcpcsvc6.DLL
0x00007fff5dc50000 - 0x00007fff5dc75000 	C:\Windows\SYSTEM32\dhcpcsvc.DLL
0x00007fff4b6c0000 - 0x00007fff4b6ce000 	E:\devkit\jdk-17.0.2\bin\sunmscapi.dll
0x00007fff64a40000 - 0x00007fff64bbe000 	C:\Windows\System32\CRYPT32.dll
0x00007fff639d0000 - 0x00007fff63a00000 	C:\Windows\SYSTEM32\ncrypt.dll
0x00007fff63980000 - 0x00007fff639bf000 	C:\Windows\SYSTEM32\NTASN1.dll

dbghelp: loaded successfully - version: 4.0.5 - missing functions: none
symbol engine: initialized successfully - sym options: 0x614 - pdb path: .;E:\devkit\jdk-17.0.2\bin;C:\Windows\SYSTEM32;C:\Windows\WinSxS\amd64_microsoft.windows.common-controls_6595b64144ccf1df_6.0.26100.8972_none_3e0da176e32f9d4b;D:\Program Files\wb\WorkBuddy\resources\app.asar.unpacked\cli\vendor\sandbox;E:\devkit\jdk-17.0.2\bin\server

VM Arguments:
jvm_args: -Dcom.android.sdklib.toolsdir=E:\devkit\android\cmdline-tools\latest\bin\\.. 
java_command: com.android.sdklib.tool.sdkmanager.SdkManagerCli --sdk_root=E:/devkit/android --install ndk;28.2.13676358
java_class_path (initial): E:\devkit\android\cmdline-tools\latest\bin\..\lib\sdkmanager-classpath.jar
Launcher Type: SUN_STANDARD

[Global flags]
     intx CICompilerCount                          = 12                                        {product} {ergonomic}
     uint ConcGCThreads                            = 4                                         {product} {ergonomic}
     uint G1ConcRefinementThreads                  = 15                                        {product} {ergonomic}
   size_t G1HeapRegionSize                         = 4194304                                   {product} {ergonomic}
    uintx GCDrainStackTargetSize                   = 64                                        {product} {ergonomic}
   size_t InitialHeapSize                          = 536870912                                 {product} {ergonomic}
   size_t MarkStackSize                            = 4194304                                   {product} {ergonomic}
   size_t MaxHeapSize                              = 8568963072                                {product} {ergonomic}
   size_t MaxNewSize                               = 5138022400                                {product} {ergonomic}
   size_t MinHeapDeltaBytes                        = 4194304                                   {product} {ergonomic}
   size_t MinHeapSize                              = 8388608                                   {product} {ergonomic}
    uintx NonNMethodCodeHeapSize                   = 7602480                                {pd product} {ergonomic}
    uintx NonProfiledCodeHeapSize                  = 122027880                              {pd product} {ergonomic}
    uintx ProfiledCodeHeapSize                     = 122027880                              {pd product} {ergonomic}
    uintx ReservedCodeCacheSize                    = 251658240                              {pd product} {ergonomic}
     bool SegmentedCodeCache                       = true                                      {product} {ergonomic}
   size_t SoftMaxHeapSize                          = 8568963072                             {manageable} {ergonomic}
     bool UseCompressedClassPointers               = true                           {product lp64_product} {ergonomic}
     bool UseCompressedOops                        = true                           {product lp64_product} {ergonomic}
     bool UseG1GC                                  = true                                      {product} {ergonomic}
     bool UseLargePagesIndividualAllocation        = false                                  {pd product} {ergonomic}

Logging:
Log output configuration:
 #0: stdout all=warning uptime,level,tags
 #1: stderr all=off uptime,level,tags

Environment Variables:
JAVA_HOME=E:/devkit/jdk-17.0.2
CLASSPATH=E:\devkit\android\cmdline-tools\latest\bin\..\lib\sdkmanager-classpath.jar
PATH=E:/devkit/jdk-17.0.2\bin;E:\devkit\flutter\flutter\bin;D;C:\Program Files\wb\WorkBuddy\resources\app.asar.unpacked\cli\vendor\shim\safe-bin;C:\Users\Administrator\.workbuddy\binaries\node\versions\22.22.2;C:\Users\Administrator\.workbuddy\binaries\python\versions\3.13.12;C:\Users\Administrator\.workbuddy\binaries\node\cli-connector-packages;D;C:\Program Files\wb\WorkBuddy\resources\app.asar.unpacked\cli\vendor\shim\safe-bin;C:\Users\Administrator\.workbuddy\vendor\PortableGit\mingw64\bin;C:\Users\Administrator\.workbuddy\vendor\PortableGit\usr\bin;C:\Users\Administrator\bin;D:\Program Files\wb\WorkBuddy\resources\app.asar.unpacked\cli\bin\runtime\git\bin;C:\Users\Administrator\.workbuddy\vendor\PortableGit\usr\bin;C:\Program Files\Python312\Scripts;C:\Program Files\Python312;C:\Windows\system32;C:\Windows;C:\Windows\System32\Wbem;C:\Windows\System32\WindowsPowerShell\v1.0;C:\Windows\System32\OpenSSH;C:\Program Files\NVIDIA Corporation\NVIDIA App\NvDLISR;C:\Program Files (x86)\NVIDIA Corporation\PhysX\Common;C:\Program Files\dotnet;C:\Program Files\nodejs;%NVM_HOME%;%NVM_SYMLINK%;C:\Program Files\HZVPN\cli;C:\Users\Administrator\AppData\Local\Microsoft\WindowsApps;C:\Users\Administrator\AppData\Roaming\npm;C:\Users\Administrator\AppData\Local\nvm;C:\nvm4w\nodejs;E:\devkit\flutter\flutter\bin\mingit\cmd
USERNAME=Administrator
LANG=en_US.UTF-8
OS=MINGW64_NT-10.0-26100
PROCESSOR_IDENTIFIER=Intel64 Family 6 Model 63 Stepping 2, GenuineIntel



---------------  S Y S T E M  ---------------

OS:
 Windows 11 , 64 bit Build 26100 (10.0.26100.9168)
OS uptime: 5 days 4:25 hours

CPU: total 20 (initial active 20) (10 cores per cpu, 2 threads per core) family 6 model 63 stepping 2 microcode 0x44, cx8, cmov, fxsr, ht, mmx, sse, sse2, sse3, ssse3, sse4.1, sse4.2, popcnt, lzcnt, tsc, tscinvbit, avx, avx2, aes, erms, clmul, bmi1, bmi2, fma, vzeroupper, clflush

Memory: 4k page, system-wide physical 32684M (12184M free)
TotalPageFile size 32684M (AvailPageFile size 35M)
current process WorkingSet (physical memory assigned to process): 161M, peak: 166M
current process commit charge ("private bytes"): 709M, peak: 715M

vm_info: OpenJDK 64-Bit Server VM (17.0.2+8-86) for windows-amd64 JRE (17.0.2+8-86), built on Dec  7 2021 21:49:10 by "mach5one" with MS VC++ 16.8 / 16.9 (VS2019)

END.
